// Jest Snapshot v1, https://goo.gl/fbAQLP

exports[`EventSeriesModal Snapshot 1`] = `
<body
  aria-hidden="true"
  class="ReactModal__Body--open"
>
  <div
    data-react-modal-body-trap=""
    style="position: absolute; opacity: 0;"
    tabindex="0"
  />
  <div />
  <div
    data-react-modal-body-trap=""
    style="position: absolute; opacity: 0;"
    tabindex="0"
  />
  <div
    class="ReactModalPortal"
  >
    <div
      class="ReactModal__Overlay"
      style="position: fixed; top: 0px; left: 0px; right: 0px; bottom: 0px; background-color: rgba(255, 255, 255, 0.75);"
    >
      <div
        aria-modal="true"
        class="ReactModal__Content"
        role="dialog"
        style="position: absolute; top: 40px; left: 40px; right: 40px; bottom: 40px; border: 1px solid #ccc; background: rgb(255, 255, 255); overflow: auto; border-radius: 4px; outline: none; padding: 20px;"
        tabindex="-1"
      >
        <div>
          <button
            aria-label="modal-close-button"
            type="button"
          >
            <img
              alt="Close"
              height="16"
              src="test-file-stub"
              width="16"
            />
          </button>
          <iframe
            src="https://example.com/registration"
            title="Grundkurs Lindy Hop"
          />
        </div>
      </div>
    </div>
  </div>
</body>
`;
