// Jest Snapshot v1, https://goo.gl/fbAQLP

exports[`EventModal Snapshot 1`] = `
<body
  aria-hidden="true"
  class="ReactModal__Body--open"
>
  <div
    data-react-modal-body-trap=""
    style="position: absolute; opacity: 0;"
    tabindex="0"
  />
  <div />
  <div
    data-react-modal-body-trap=""
    style="position: absolute; opacity: 0;"
    tabindex="0"
  />
  <div
    class="ReactModalPortal"
  >
    <div
      class="ReactModal__Overlay fixed z-50 inset-0 bg-black bg-opacity-75"
    >
      <div
        aria-modal="true"
        class="ReactModal__Content 
        absolute top-1/2 left-1/2 right-auto bottom-auto -mr-[50%]
        h-[max(80vh,200px)] max-w-[900px] -translate-x-1/2 -translate-y-1/2 
        rounded-md bg-white pt-12 outline-none"
        role="dialog"
        tabindex="-1"
      >
        <div
          class="h-full w-[min(900px,100vw)]"
          data-testid="event-series-modal-content"
        >
          <div
            class="absolute right-5 top-5 cursor-pointer"
            data-testid="modal-close-button"
          >
            <img
              height="16"
              src="test-file-stub"
              width="16"
            />
          </div>
          <iframe
            class="h-full w-full overflow-hidden border-none outline-none"
            src="https://example.com/registration"
            title="Grundkurs Lindy Hop"
          />
        </div>
      </div>
    </div>
  </div>
</body>
`;
